Ошибка: Нужны YANDEX_FOLDER_ID и YANDEX_API_KEY
Ошибка: Нужны YANDEX_FOLDER_ID и YANDEX_API_KEY
Ошибка: Нужны YANDEX_FOLDER_ID и YANDEX_API_KEY
Ошибка: Нужны YANDEX_FOLDER_ID и YANDEX_API_KEY
Ошибка: Нужны YANDEX_FOLDER_ID и YANDEX_API_KEY
Ошибка: Нужны YANDEX_FOLDER_ID и YANDEX_API_KEY
Ошибка: Нужны YANDEX_FOLDER_ID и YANDEX_API_KEY
Ошибка: Нужны YANDEX_FOLDER_ID и YANDEX_API_KEY
Ошибка: Нужны YANDEX_FOLDER_ID и YANDEX_API_KEY
Ошибка: Нужны YANDEX_FOLDER_ID и YANDEX_API_KEY
Ошибка: Нужны YANDEX_FOLDER_ID и YANDEX_API_KEY
Ошибка: Нужны YANDEX_FOLDER_ID и YANDEX_API_KEY
Ошибка: Нужны YANDEX_FOLDER_ID и YANDEX_API_KEY
Ошибка: Некорректная строка 2 в /src/rover_m2m/yandex-cloud.env: ожидается KEY=VALUE
[31m[ERROR] [1784700202.727972761] [autonomous_object_search]: Local visual gate unavailable: onnxruntime is required for the local visual gate[0m
[0m[INFO] [1784700202.728902580] [autonomous_object_search]: {"state": "initializing", "target": "мяч"}[0m
[0m[INFO] [1784700203.254306511] [autonomous_object_search]: {"state": "replanning", "target": "мяч", "visited": 0, "blocked": 0, "candidates": 18, "frontier_candidates": 0, "elapsed_seconds": 0.0}[0m
[0m[INFO] [1784700203.257179748] [autonomous_object_search]: {"state": "scanning_waypoint", "target": "мяч", "waypoint": 1, "visited": 1, "frontier": false, "x": 0.915, "y": 0.962}[0m
[0m[INFO] [1784700203.257746639] [autonomous_object_search]: {"state": "observing", "target": "мяч", "waypoint": 1, "sector": 1}[0m
[0m[INFO] [1784700209.838201720] [autonomous_object_search]: {"state": "observation", "target": "мяч", "waypoint": 1, "sector": 1, "found": false, "confidence": 0.0, "evidence": "На полу видны мелкие блестящие предметы (похожи на ложки), но мяча нет."}[0m
[0m[INFO] [1784700229.851489013] [autonomous_object_search]: {"state": "motion_failed", "target": "мяч", "reason": "action_failed", "action_status": 6, "error_code": 701, "error_msg": "", "duration_seconds": 20.01}[0m
[0m[INFO] [1784700229.852138405] [autonomous_object_search]: {"state": "scan_position_blocked", "target": "мяч", "waypoint": 1, "sector": 1}[0m
[0m[INFO] [1784700230.002679107] [autonomous_object_search]: {"state": "replanning", "target": "мяч", "visited": 1, "blocked": 0, "candidates": 17, "frontier_candidates": 0, "elapsed_seconds": 26.8}[0m
[0m[INFO] [1784700230.004301541] [autonomous_object_search]: {"state": "navigating", "target": "мяч", "x": 1.504, "y": -0.271}[0m
[33m[WARN] [1784700257.881363992] [autonomous_object_search]: Получен сигнал остановки[0m
[0m[INFO] [1784700257.886496760] [autonomous_object_search]: {"state": "waypoint_skipped", "target": "мяч", "waypoint": 2, "frontier": false, "blocked": 1, "consecutive_navigation_failures": 1}[0m
[0m[INFO] [1784700257.887544302] [autonomous_object_search]: {"state": "cancelled", "target": "мяч", "reason": "user_cancelled"}[0m
[31m[ERROR] [1784700332.519724114] [autonomous_object_search]: Local visual gate unavailable: onnxruntime is required for the local visual gate[0m
[0m[INFO] [1784700332.520599396] [autonomous_object_search]: {"state": "initializing", "target": "мяч"}[0m
[0m[INFO] [1784700333.013952291] [autonomous_object_search]: {"state": "replanning", "target": "мяч", "visited": 0, "blocked": 0, "candidates": 18, "frontier_candidates": 0, "elapsed_seconds": 0.0}[0m
[0m[INFO] [1784700333.016672286] [autonomous_object_search]: {"state": "scanning_waypoint", "target": "мяч", "waypoint": 1, "visited": 1, "frontier": false, "x": 0.824, "y": 1.0}[0m
[0m[INFO] [1784700333.017449587] [autonomous_object_search]: {"state": "observing", "target": "мяч", "waypoint": 1, "sector": 1}[0m
[0m[INFO] [1784700351.519319277] [autonomous_object_search]: {"state": "observation", "target": "мяч", "waypoint": 1, "sector": 1, "found": true, "confidence": 0.85, "evidence": "В правом нижнем углу видна часть оранжевого мяча (вероятно, баскетбольного)."}[0m
[0m[INFO] [1784700351.520026651] [autonomous_object_search]: {"state": "verifying", "target": "мяч", "waypoint": 1, "sector": 1}[0m
[0m[INFO] [1784700352.521579684] [autonomous_object_search]: {"state": "observing", "target": "мяч", "waypoint": 1, "sector": 1}[0m
[0m[INFO] [1784700370.254583801] [autonomous_object_search]: {"state": "observation", "target": "мяч", "waypoint": 1, "sector": 1, "found": true, "confidence": 0.95, "evidence": "Orange spherical object, likely a sports ball, is partially visible at the extreme right edge of the frame, resting on the floor."}[0m
[0m[INFO] [1784700370.256881479] [autonomous_object_search]: {"state": "found", "target": "мяч", "confidence": 0.95, "position": {"x": 0.8295089391022714, "y": 0.9970585988998987}, "bbox": [0.96, 0.61, 1.0, 0.76], "evidence": "/src/rover_m2m/findings/object-20260722-060610.jpg"}[0m
[31m[ERROR] [1784701103.724063336] [autonomous_object_search]: Local visual gate unavailable: onnxruntime is required for the local visual gate[0m
[0m[INFO] [1784701103.725681651] [autonomous_object_search]: {"state": "initializing", "target": "мяч"}[0m
[0m[INFO] [1784701104.110009099] [autonomous_object_search]: {"state": "replanning", "target": "мяч", "visited": 0, "blocked": 0, "candidates": 31, "frontier_candidates": 0, "elapsed_seconds": 0.0}[0m
[0m[INFO] [1784701104.112365442] [autonomous_object_search]: {"state": "scanning_waypoint", "target": "мяч", "waypoint": 1, "visited": 1, "frontier": false, "x": 1.638, "y": -4.692}[0m
[0m[INFO] [1784701104.112941818] [autonomous_object_search]: {"state": "observing", "target": "мяч", "waypoint": 1, "sector": 1}[0m
[0m[INFO] [1784701178.184738816] [autonomous_object_search]: {"state": "observation", "target": "мяч", "waypoint": 1, "sector": 1, "found": false, "confidence": 0.0, "evidence": "На изображении виден пол, стены, коричневые перегородки и диван вдали, но мяч отсутствует."}[0m
[0m[INFO] [1784701181.789147394] [autonomous_object_search]: {"state": "observing", "target": "мяч", "waypoint": 1, "sector": 2}[0m
[0m[INFO] [1784701292.903354133] [autonomous_object_search]: {"state": "observation_retry", "target": "мяч", "waypoint": 1, "sector": 2, "attempt": 1, "error": "Сетевая ошибка при обращении к https://ai.api.cloud.yandex.net/v1/responses: EOF occurred in violation of protocol (_ssl.c:2406)"}[0m
[33m[WARN] [1784701392.061256423] [autonomous_object_search]: Получен сигнал остановки[0m
[31m[ERROR] [1784714262.303890529] [autonomous_object_search]: Local visual gate unavailable: onnxruntime is required for the local visual gate[0m
[0m[INFO] [1784714262.305466865] [autonomous_object_search]: {"state": "initializing", "target": "мяч"}[0m
[0m[INFO] [1784714262.631489938] [autonomous_object_search]: {"state": "replanning", "target": "мяч", "visited": 0, "blocked": 0, "candidates": 2, "frontier_candidates": 1, "elapsed_seconds": 0.0}[0m
[0m[INFO] [1784714262.633143122] [autonomous_object_search]: {"state": "scanning_waypoint", "target": "мяч", "waypoint": 1, "visited": 1, "frontier": false, "x": 0.0, "y": 0.001}[0m
[0m[INFO] [1784714262.633838146] [autonomous_object_search]: {"state": "observing", "target": "мяч", "waypoint": 1, "sector": 1}[0m
[0m[INFO] [1784714270.550456430] [autonomous_object_search]: {"state": "observation", "target": "мяч", "waypoint": 1, "sector": 1, "found": false, "confidence": 0.0, "evidence": "Объект 'мяч' не обнаружен на изображении."}[0m
[0m[INFO] [1784714283.154406541] [autonomous_object_search]: {"state": "motion_failed", "target": "мяч", "reason": "action_failed", "action_status": 6, "error_code": 703, "error_msg": "", "duration_seconds": 12.6}[0m
[0m[INFO] [1784714283.155104324] [autonomous_object_search]: {"state": "scan_position_blocked", "target": "мяч", "waypoint": 1, "sector": 1}[0m
[0m[INFO] [1784714283.205346139] [autonomous_object_search]: {"state": "replanning", "target": "мяч", "visited": 1, "blocked": 0, "candidates": 1, "frontier_candidates": 1, "elapsed_seconds": 20.6}[0m
[0m[INFO] [1784714283.206166176] [autonomous_object_search]: {"state": "navigating", "target": "мяч", "x": 1.788, "y": 0.242}[0m
[0m[INFO] [1784714365.499891253] [autonomous_object_search]: {"state": "scanning_waypoint", "target": "мяч", "waypoint": 2, "visited": 2, "frontier": true, "x": 1.67, "y": 0.333}[0m
[0m[INFO] [1784714365.502487264] [autonomous_object_search]: {"state": "observing", "target": "мяч", "waypoint": 2, "sector": 1}[0m
[0m[INFO] [1784714395.597982306] [autonomous_object_search]: {"state": "observation", "target": "мяч", "waypoint": 2, "sector": 1, "found": false, "confidence": 0.0, "evidence": "На изображении отсутствуют шарообразные объекты, похожие на мяч. Видны мусорные корзины, стол и синий пакет, но ни один из них не является мячом."}[0m
[0m[INFO] [1784714399.500899933] [autonomous_object_search]: {"state": "observing", "target": "мяч", "waypoint": 2, "sector": 2}[0m
[0m[INFO] [1784714412.037721953] [autonomous_object_search]: {"state": "observation", "target": "мяч", "waypoint": 2, "sector": 2, "found": false, "confidence": 0.0, "evidence": "no ball visible in the scene"}[0m
[0m[INFO] [1784714415.740661542] [autonomous_object_search]: {"state": "observing", "target": "мяч", "waypoint": 2, "sector": 3}[0m
[0m[INFO] [1784714423.389091547] [autonomous_object_search]: {"state": "observation", "target": "мяч", "waypoint": 2, "sector": 3, "found": false, "confidence": 0.0, "evidence": "на изображении отсутствуют какие-либо объекты, похожие на мяч; виден только пол, мебель и внутрикомнатная перегородка"}[0m
[0m[INFO] [1784714427.193129962] [autonomous_object_search]: {"state": "observing", "target": "мяч", "waypoint": 2, "sector": 4}[0m
[0m[INFO] [1784714433.832932923] [autonomous_object_search]: {"state": "observation", "target": "мяч", "waypoint": 2, "sector": 4, "found": false, "confidence": 0.0, "evidence": "На изображении отсутствуют мячи. Видны только ноги людей в обуви и ряд пустых полок."}[0m
[0m[INFO] [1784714437.639979568] [autonomous_object_search]: {"state": "observing", "target": "мяч", "waypoint": 2, "sector": 5}[0m
[0m[INFO] [1784714450.636545369] [autonomous_object_search]: {"state": "observation", "target": "мяч", "waypoint": 2, "sector": 5, "found": false, "confidence": 0.0, "evidence": "на изображении отсутствуют шарообразные объекты или мячи"}[0m
[0m[INFO] [1784714454.742310533] [autonomous_object_search]: {"state": "observing", "target": "мяч", "waypoint": 2, "sector": 6}[0m
[0m[INFO] [1784714468.806995998] [autonomous_object_search]: {"state": "observation", "target": "мяч", "waypoint": 2, "sector": 6, "found": false, "confidence": 0.0, "evidence": "На изображении присутствует красный куб, но отсутствует сферический объект (мяч)."}[0m
[0m[INFO] [1784714468.960045607] [autonomous_object_search]: {"state": "replanning", "target": "мяч", "visited": 2, "blocked": 0, "candidates": 18, "frontier_candidates": 0, "elapsed_seconds": 206.3}[0m
[0m[INFO] [1784714468.962639043] [autonomous_object_search]: {"state": "scanning_waypoint", "target": "мяч", "waypoint": 3, "visited": 3, "frontier": false, "x": 1.022, "y": -2.188}[0m
[0m[INFO] [1784714468.964155862] [autonomous_object_search]: {"state": "observing", "target": "мяч", "waypoint": 3, "sector": 1}[0m
[0m[INFO] [1784714476.972331916] [autonomous_object_search]: {"state": "observation_retry", "target": "мяч", "waypoint": 3, "sector": 1, "attempt": 1, "error": "Ответ детектора имеет недопустимую структуру"}[0m
[0m[INFO] [1784714493.300180114] [autonomous_object_search]: {"state": "observation", "target": "мяч", "waypoint": 3, "sector": 1, "found": true, "confidence": 0.6, "evidence": "Оранжевый сферический объект виден в крайнем левом нижнем углу, частично обрезан краем кадра."}[0m
[0m[INFO] [1784714496.803119744] [autonomous_object_search]: {"state": "observing", "target": "мяч", "waypoint": 3, "sector": 2}[0m
[0m[INFO] [1784714506.226164262] [autonomous_object_search]: {"state": "observation", "target": "мяч", "waypoint": 3, "sector": 2, "found": false, "confidence": 0.0, "evidence": "На изображении виден деревянный пол, черная металлическая рама и часть мягкой мебели (зеленые и синие блоки), напоминающей диваны или скамейки. Объект в форме мяча отсутствует."}[0m
[0m[INFO] [1784714506.937545413] [autonomous_object_search]: {"state": "motion_failed", "target": "мяч", "reason": "action_failed", "action_status": 6, "error_code": 703, "error_msg": "", "duration_seconds": 0.71}[0m
[0m[INFO] [1784714506.938297656] [autonomous_object_search]: {"state": "scan_position_blocked", "target": "мяч", "waypoint": 3, "sector": 2}[0m
[0m[INFO] [1784714507.118155638] [autonomous_object_search]: {"state": "replanning", "target": "мяч", "visited": 3, "blocked": 0, "candidates": 15, "frontier_candidates": 0, "elapsed_seconds": 244.4}[0m
[0m[INFO] [1784714507.119045597] [autonomous_object_search]: {"state": "navigating", "target": "мяч", "x": 0.886, "y": -0.842}[0m
[0m[INFO] [1784714531.997415487] [autonomous_object_search]: {"state": "motion_failed", "target": "мяч", "reason": "action_failed", "action_status": 6, "error_code": 208, "error_msg": "", "duration_seconds": 24.88}[0m
[0m[INFO] [1784714531.998164879] [autonomous_object_search]: {"state": "navigation_recovery", "target": "мяч", "waypoint": 4, "attempt": 1, "failure": {"reason": "action_failed", "action_status": 6, "error_code": 208, "error_msg": "", "duration_seconds": 24.88}}[0m
[0m[INFO] [1784714533.509202838] [autonomous_object_search]: {"state": "navigating", "target": "мяч", "x": 0.886, "y": -0.842}[0m
[0m[INFO] [1784714554.503088232] [autonomous_object_search]: {"state": "motion_failed", "target": "мяч", "reason": "action_failed", "action_status": 6, "error_code": 208, "error_msg": "", "duration_seconds": 20.99}[0m
[0m[INFO] [1784714554.503798125] [autonomous_object_search]: {"state": "navigation_recovery", "target": "мяч", "waypoint": 4, "attempt": 2, "failure": {"reason": "action_failed", "action_status": 6, "error_code": 208, "error_msg": "", "duration_seconds": 20.99}}[0m
[0m[INFO] [1784714556.014661782] [autonomous_object_search]: {"state": "navigating", "target": "мяч", "x": 0.886, "y": -0.842}[0m
[0m[INFO] [1784714576.998511607] [autonomous_object_search]: {"state": "motion_failed", "target": "мяч", "reason": "action_failed", "action_status": 6, "error_code": 208, "error_msg": "", "duration_seconds": 20.98}[0m
[0m[INFO] [1784714577.000457017] [autonomous_object_search]: {"state": "waypoint_skipped", "target": "мяч", "waypoint": 4, "frontier": false, "blocked": 1, "consecutive_navigation_failures": 1}[0m
[0m[INFO] [1784714577.145384140] [autonomous_object_search]: {"state": "replanning", "target": "мяч", "visited": 3, "blocked": 1, "candidates": 14, "frontier_candidates": 0, "elapsed_seconds": 314.5}[0m
[0m[INFO] [1784714577.146553604] [autonomous_object_search]: {"state": "navigating", "target": "мяч", "x": 2.386, "y": -0.842}[0m
[0m[INFO] [1784714596.994389053] [autonomous_object_search]: {"state": "motion_failed", "target": "мяч", "reason": "action_failed", "action_status": 6, "error_code": 208, "error_msg": "", "duration_seconds": 19.85}[0m
[0m[INFO] [1784714596.996622006] [autonomous_object_search]: {"state": "navigation_recovery", "target": "мяч", "waypoint": 5, "attempt": 1, "failure": {"reason": "action_failed", "action_status": 6, "error_code": 208, "error_msg": "", "duration_seconds": 19.85}}[0m
[0m[INFO] [1784714598.511585065] [autonomous_object_search]: {"state": "navigating", "target": "мяч", "x": 2.386, "y": -0.842}[0m
[0m[INFO] [1784714618.505256477] [autonomous_object_search]: {"state": "motion_failed", "target": "мяч", "reason": "action_failed", "action_status": 6, "error_code": 208, "error_msg": "", "duration_seconds": 19.99}[0m
[0m[INFO] [1784714618.507002748] [autonomous_object_search]: {"state": "navigation_recovery", "target": "мяч", "waypoint": 5, "attempt": 2, "failure": {"reason": "action_failed", "action_status": 6, "error_code": 208, "error_msg": "", "duration_seconds": 19.99}}[0m
[0m[INFO] [1784714620.013666663] [autonomous_object_search]: {"state": "navigating", "target": "мяч", "x": 2.386, "y": -0.842}[0m
[0m[INFO] [1784714640.707968257] [autonomous_object_search]: {"state": "motion_failed", "target": "мяч", "reason": "action_failed", "action_status": 6, "error_code": 103, "error_msg": "", "duration_seconds": 20.69}[0m
[0m[INFO] [1784714640.710934231] [autonomous_object_search]: {"state": "waypoint_skipped", "target": "мяч", "waypoint": 5, "frontier": false, "blocked": 2, "consecutive_navigation_failures": 2}[0m
[0m[INFO] [1784714640.987721147] [autonomous_object_search]: {"state": "replanning", "target": "мяч", "visited": 3, "blocked": 2, "candidates": 15, "frontier_candidates": 0, "elapsed_seconds": 378.2}[0m
[0m[INFO] [1784714640.990986163] [autonomous_object_search]: {"state": "scanning_waypoint", "target": "мяч", "waypoint": 6, "visited": 4, "frontier": false, "x": -1.576, "y": -0.844}[0m
[0m[INFO] [1784714640.991696538] [autonomous_object_search]: {"state": "observing", "target": "мяч", "waypoint": 6, "sector": 1}[0m
[0m[INFO] [1784714660.198951186] [autonomous_object_search]: {"state": "observation", "target": "мяч", "waypoint": 6, "sector": 1, "found": false, "confidence": 0.0, "evidence": "На изображении размытая светлая поверхность и источник света, мяч не обнаружен."}[0m
[0m[INFO] [1784714668.204011515] [autonomous_object_search]: {"state": "motion_failed", "target": "мяч", "reason": "action_failed", "action_status": 6, "error_code": 703, "error_msg": "", "duration_seconds": 8.0}[0m
[0m[INFO] [1784714668.204801719] [autonomous_object_search]: {"state": "scan_position_blocked", "target": "мяч", "waypoint": 6, "sector": 1}[0m
[0m[INFO] [1784714668.458018998] [autonomous_object_search]: {"state": "replanning", "target": "мяч", "visited": 4, "blocked": 2, "candidates": 15, "frontier_candidates": 0, "elapsed_seconds": 405.7}[0m
[0m[INFO] [1784714668.460249987] [autonomous_object_search]: {"state": "scanning_waypoint", "target": "мяч", "waypoint": 7, "visited": 5, "frontier": false, "x": -1.152, "y": 0.96}[0m
[0m[INFO] [1784714668.461054080] [autonomous_object_search]: {"state": "observing", "target": "мяч", "waypoint": 7, "sector": 1}[0m
[0m[INFO] [1784714674.010549663] [autonomous_object_search]: {"state": "observation", "target": "мяч", "waypoint": 7, "sector": 1, "found": false, "confidence": 0.0, "evidence": "На изображении видна кожа человека (вероятно, нога), мяч не обнаружен."}[0m
[0m[INFO] [1784714676.122118396] [autonomous_object_search]: {"state": "motion_failed", "target": "мяч", "reason": "action_failed", "action_status": 6, "error_code": 703, "error_msg": "", "duration_seconds": 2.11}[0m
[0m[INFO] [1784714676.123081296] [autonomous_object_search]: {"state": "scan_position_blocked", "target": "мяч", "waypoint": 7, "sector": 1}[0m
[0m[INFO] [1784714676.303872411] [autonomous_object_search]: {"state": "replanning", "target": "мяч", "visited": 5, "blocked": 2, "candidates": 15, "frontier_candidates": 0, "elapsed_seconds": 413.6}[0m
[0m[INFO] [1784714676.304690206] [autonomous_object_search]: {"state": "navigating", "target": "мяч", "x": -1.957, "y": 2.895}[0m
[33m[WARN] [1784714688.417579510] [autonomous_object_search]: Получен сигнал остановки[0m
[0m[INFO] [1784714691.420284865] [autonomous_object_search]: {"state": "waypoint_skipped", "target": "мяч", "waypoint": 8, "frontier": false, "blocked": 3, "consecutive_navigation_failures": 1}[0m
[0m[INFO] [1784714691.420911188] [autonomous_object_search]: {"state": "cancelled", "target": "мяч", "reason": "user_cancelled"}[0m
